[mtc1.jankariweb.online/index.html]
[backblue.gif]
[fade.gif]
[index.html]
[mtc1.jankariweb.online/wp-content/themes/astra/assets/css/minified/main.min4641.css]
[mtc1.jankariweb.online/wp-includes/css/dist/block-library/style.min32d4.css]
[mtc1.jankariweb.online/feed/index.html]
[mtc1.jankariweb.online/xmlrpc0db0.php]
[mtc1.jankariweb.online/wp-content/uploads/2025/08/cropped-IMG_20250825_101133_790-32x32.jpg]
[mtc1.jankariweb.online/wp-content/uploads/2025/08/cropped-IMG_20250825_101133_790-192x192.jpg]
[mtc1.jankariweb.online/wp-content/uploads/2025/08/cropped-IMG_20250825_101133_790-180x180.jpg]
[mtc1.jankariweb.online/comments/feed/index.html]
[mtc1.jankariweb.online/index.html]
[mtc1.jankariweb.online/wp-content/themes/astra/assets/css/minified/main.min4641.css]
[mtc1.jankariweb.online/wp-content/themes/astra/assets/js/minified/frontend.min4641.js]
[mtc1.jankariweb.online/wp-includes/css/dist/block-library/style.min32d4.css]
[mtc1.jankariweb.online/contact-us/index.html]
[mtc1.jankariweb.online/wp-json/index.html]
[mtc1.jankariweb.online/about-us/index.html]
[mtc1.jankariweb.online/dmca/index.html]
[mtc1.jankariweb.online/privacy-policy/index.html]
[mtc1.jankariweb.online/category/blog/index.html]
[mtc1.jankariweb.online/mastering-your-money-the-ultimate-guide-to-budgeting-and-saving/index.html]
[mtc1.jankariweb.online/wp-json/wp/v2/pages/88.json]
[mtc1.jankariweb.online/author/divyanshu6713/index.html]
[mtc1.jankariweb.online/wp-json/oembed/1.0/embedea60.json]
[mtc1.jankariweb.online/about-us/index.html]
[mtc1.jankariweb.online/wp-json/oembed/1.0/embed9a63]
[mtc1.jankariweb.online/from-debt-to-wealth-effective-strategies-for-managing-your-personal-finances/index.html]
[mtc1.jankariweb.online/wp-json/wp/v2/pages/90.json]
[mtc1.jankariweb.online/smart-money-moves-practical-tips-for-budgeting-and-building-savings/index.html]
[mtc1.jankariweb.online/wp-json/oembed/1.0/embedcc7d.json]
[mtc1.jankariweb.online/contact-us/index.html]
[mtc1.jankariweb.online/wp-json/oembed/1.0/embed005a]
[mtc1.jankariweb.online/how-to-turn-your-business-idea-into-reality-a-practical-guide/index.html]
[mtc1.jankariweb.online/wp-json/wp/v2/pages/86.json]
[mtc1.jankariweb.online/category/software/index.html]
[mtc1.jankariweb.online/wp-json/oembed/1.0/embed83c1.json]
[mtc1.jankariweb.online/wp-json/oembed/1.0/embedcac9]
[mtc1.jankariweb.online/dmca/index.html]
[mtc1.jankariweb.online/16-lakh-gb-🤯storage-in-just-1-cd-new-breakthrough-technology/index.html]
[mtc1.jankariweb.online/indiana-power-of-attorney-form-template/index.html]
[mtc1.jankariweb.online/how-to-get-a-personal-loan/index.html]
[mtc1.jankariweb.online/wp-json/wp/v2/pages/3.json]
[mtc1.jankariweb.online/how-much-is-car-insurance-cost/index.html]
[mtc1.jankariweb.online/best-personal-loans-for-fair-credit/index.html]
[mtc1.jankariweb.online/wp-json/oembed/1.0/embedc810.json]
[mtc1.jankariweb.online/wp-json/oembed/1.0/embeded17]
[mtc1.jankariweb.online/how-to-start-an-llc-in-7-steps/index.html]
[mtc1.jankariweb.online/xmlrpc.php]
[mtc1.jankariweb.online/privacy-policy/index.html]
[mtc1.jankariweb.online/page/2/index.html]
[mtc1.jankariweb.online/wp-json/wp/v2/categories/1.json]
[mtc1.jankariweb.online/category/blog/index.html]
[mtc1.jankariweb.online/wp-json/wp/v2/posts/254.json]
[mtc1.jankariweb.online/privacy-policy/feed/index.html]
[mtc1.jankariweb.online/wp-json/oembed/1.0/embedb3b0.json]
[mtc1.jankariweb.online/wp-json/oembed/1.0/embeddc91]
[mtc1.jankariweb.online/mastering-your-money-the-ultimate-guide-to-budgeting-and-saving/index.html]
[mtc1.jankariweb.online/wp-includes/js/comment-reply.min32d4.js]
[mtc1.jankariweb.online/category/blog/feed/index.html]
[mtc1.jankariweb.online/wp-json/wp/v2/users/1.json]
[mtc1.jankariweb.online/author/divyanshu6713/index.html]
[mtc1.jankariweb.online/category/blog/page/2/index.html]
[mtc1.jankariweb.online/mastering-your-money-the-ultimate-guide-to-budgeting-and-saving/feed/index.html]
[mtc1.jankariweb.online/wp-json/wp/v2/posts/256.json]
[mtc1.jankariweb.online/wp-json/oembed/1.0/embede19e.json]
[mtc1.jankariweb.online/from-debt-to-wealth-effective-strategies-for-managing-your-personal-finances/index.html]
[mtc1.jankariweb.online/wp-json/oembed/1.0/embed57f4]
[mtc1.jankariweb.online/wp-json/wp/v2/posts/258.json]
[mtc1.jankariweb.online/author/divyanshu6713/feed/index.html]
[mtc1.jankariweb.online/author/divyanshu6713/page/2/index.html]
[mtc1.jankariweb.online/wp-json/oembed/1.0/embed441a.json]
[mtc1.jankariweb.online/from-debt-to-wealth-effective-strategies-for-managing-your-personal-finances/feed/index.html]
[mtc1.jankariweb.online/wp-json/oembed/1.0/embedc886]
[mtc1.jankariweb.online/smart-money-moves-practical-tips-for-budgeting-and-building-savings/index.html]
[mtc1.jankariweb.online/wp-json/wp/v2/posts/132.json]
[mtc1.jankariweb.online/wp-json/oembed/1.0/embed4c76.json]
[mtc1.jankariweb.online/smart-money-moves-practical-tips-for-budgeting-and-building-savings/feed/index.html]
[mtc1.jankariweb.online/wp-json/oembed/1.0/embed77b9]
[mtc1.jankariweb.online/how-to-turn-your-business-idea-into-reality-a-practical-guide/feed/index.html]
[mtc1.jankariweb.online/how-to-turn-your-business-idea-into-reality-a-practical-guide/index.html]
[mtc1.jankariweb.online/wp-json/wp/v2/categories/2.json]
[mtc1.jankariweb.online/category/software/index.html]
[mtc1.jankariweb.online/16-lakh-gb-🤯storage-in-just-1-cd-new-breakthrough-technology/index.html]
[mtc1.jankariweb.online/10-best-project-management-software/index.html]
[mtc1.jankariweb.online/wp-json/wp/v2/posts/72.json]
[mtc1.jankariweb.online/category/software/feed/index.html]
[mtc1.jankariweb.online/how-to-get-a-personal-loan/feed/index.html]
[mtc1.jankariweb.online/wp-json/oembed/1.0/embed4f9d.json]
[mtc1.jankariweb.online/wp-json/oembed/1.0/embed1470]
[mtc1.jankariweb.online/how-to-get-a-personal-loan/index.html]
[mtc1.jankariweb.online/wp-json/wp/v2/posts/60.json]
[mtc1.jankariweb.online/wp-json/oembed/1.0/embed5229.json]
[mtc1.jankariweb.online/indiana-power-of-attorney-form-template/feed/index.html]
[mtc1.jankariweb.online/wp-json/oembed/1.0/embed5258]
[mtc1.jankariweb.online/indiana-power-of-attorney-form-template/index.html]
[mtc1.jankariweb.online/how-much-is-car-insurance-cost/index.html]
[mtc1.jankariweb.online/best-personal-loans-for-fair-credit/index.html]
[mtc1.jankariweb.online/how-to-start-an-llc-in-7-steps/index.html]
[mtc1.jankariweb.online/page/2/index.html]
[mtc1.jankariweb.online/wp-content/themes/astra/assets/js/minified/frontend.min4641.js]
[mtc1.jankariweb.online/how-to-find-a-motorcycle-accident-lawyer/index.html]
[mtc1.jankariweb.online/best-home-and-auto-insurance/index.html]
[mtc1.jankariweb.online/how-to-benefit-from-the-electric-vehicle-tax-credit/index.html]
[mtc1.jankariweb.online/index8ed7.html]
[mtc1.jankariweb.online/best-startup-business-loans-of-december-2023/index.html]
[mtc1.jankariweb.online/best-criminal-defense-lawyers-in-columbus-ohio-2023/index.html]
[mtc1.jankariweb.online/indexeffd.html]
[mtc1.jankariweb.online/best-business-loans-for-december-2023/index.html]
[mtc1.jankariweb.online/index6213.html]
[mtc1.jankariweb.online/index2207.html]
[mtc1.jankariweb.online/xmlrpc.php]
[mtc1.jankariweb.online/category/blog/page/2/index.html]
[mtc1.jankariweb.online/index6233.html]
[mtc1.jankariweb.online/wp-includes/js/comment-reply.min32d4.js]
[mtc1.jankariweb.online/author/divyanshu6713/page/2/index.html]
[mtc1.jankariweb.online/index03bd.html]
[mtc1.jankariweb.online/indexb773.html]
[mtc1.jankariweb.online/index31a3.html]
[mtc1.jankariweb.online/auto-insurance-outlook-for-2024/index.html]
[mtc1.jankariweb.online/car-insurance-calculator-estimate-your-costs/index.html]
[mtc1.jankariweb.online/10-best-project-management-software/index.html]
[mtc1.jankariweb.online/indexae74.html]
[mtc1.jankariweb.online/index0721.html]
[mtc1.jankariweb.online/how-much-is-car-insurance-cost/feed/index.html]
[mtc1.jankariweb.online/wp-json/wp/v2/posts/62.html]
[mtc1.jankariweb.online/index5c36.html]
[mtc1.jankariweb.online/wp-json/oembed/1.0/embed0d85.html]
[mtc1.jankariweb.online/wp-json/oembed/1.0/embed9e26.html]
[mtc1.jankariweb.online/best-personal-loans-for-fair-credit/feed/index.html]
[mtc1.jankariweb.online/wp-json/wp/v2/posts/57.html]
[mtc1.jankariweb.online/index9787.html]
[mtc1.jankariweb.online/wp-json/oembed/1.0/embeda2b7.html]
[mtc1.jankariweb.online/wp-json/oembed/1.0/embedf661.html]
[mtc1.jankariweb.online/how-to-start-an-llc-in-7-steps/feed/index.html]
[mtc1.jankariweb.online/wp-json/wp/v2/posts/38.html]
[mtc1.jankariweb.online/indexb93f.html]
[mtc1.jankariweb.online/wp-json/oembed/1.0/embed4997.html]
[mtc1.jankariweb.online/wp-json/oembed/1.0/embed3f4c.html]
[mtc1.jankariweb.online/how-to-find-a-motorcycle-accident-lawyer/index.html]
[mtc1.jankariweb.online/best-home-and-auto-insurance/index.html]
[mtc1.jankariweb.online/how-to-benefit-from-the-electric-vehicle-tax-credit/index.html]
[mtc1.jankariweb.online/best-criminal-defense-lawyers-in-columbus-ohio-2023/index.html]
[mtc1.jankariweb.online/best-business-loans-for-december-2023/index.html]
[mtc1.jankariweb.online/best-startup-business-loans-of-december-2023/index.html]
[mtc1.jankariweb.online/auto-insurance-outlook-for-2024/index.html]
[mtc1.jankariweb.online/car-insurance-calculator-estimate-your-costs/index.html]
[mtc1.jankariweb.online/10-best-project-management-software/feed/index.html]
[mtc1.jankariweb.online/wp-json/wp/v2/posts/35.html]
[mtc1.jankariweb.online/index5c90.html]
[mtc1.jankariweb.online/wp-json/oembed/1.0/embed398e.html]
[mtc1.jankariweb.online/wp-json/oembed/1.0/embedde77.html]
[mtc1.jankariweb.online/how-to-find-a-motorcycle-accident-lawyer/feed/index.html]
[mtc1.jankariweb.online/wp-json/wp/v2/posts/32.html]
[mtc1.jankariweb.online/index6c46.html]
[mtc1.jankariweb.online/wp-json/oembed/1.0/embedb624.html]
[mtc1.jankariweb.online/wp-json/oembed/1.0/embed3022.html]
[mtc1.jankariweb.online/best-home-and-auto-insurance/feed/index.html]
[mtc1.jankariweb.online/wp-json/wp/v2/posts/29.html]
[mtc1.jankariweb.online/index9cd7.html]
[mtc1.jankariweb.online/wp-json/oembed/1.0/embedbd88.html]
[mtc1.jankariweb.online/wp-json/oembed/1.0/embed7bbf.html]
[mtc1.jankariweb.online/how-to-benefit-from-the-electric-vehicle-tax-credit/feed/index.html]
[mtc1.jankariweb.online/wp-json/wp/v2/posts/23.html]
[mtc1.jankariweb.online/index40a0.html]
[mtc1.jankariweb.online/wp-json/oembed/1.0/embed2473.html]
[mtc1.jankariweb.online/wp-json/oembed/1.0/embed2db0.html]
[mtc1.jankariweb.online/best-criminal-defense-lawyers-in-columbus-ohio-2023/feed/index.html]
[mtc1.jankariweb.online/wp-json/wp/v2/posts/20.html]
[mtc1.jankariweb.online/index341b.html]
[mtc1.jankariweb.online/wp-json/oembed/1.0/embed4589.html]
[mtc1.jankariweb.online/wp-json/oembed/1.0/embedd432.html]
[mtc1.jankariweb.online/best-business-loans-for-december-2023/feed/index.html]
[mtc1.jankariweb.online/wp-json/wp/v2/posts/17.html]
[mtc1.jankariweb.online/indexd8eb.html]
[mtc1.jankariweb.online/wp-json/oembed/1.0/embed48df.html]
[mtc1.jankariweb.online/wp-json/oembed/1.0/embed556a.html]
[mtc1.jankariweb.online/best-startup-business-loans-of-december-2023/feed/index.html]
[mtc1.jankariweb.online/wp-json/wp/v2/posts/13.html]
[mtc1.jankariweb.online/index2dc4.html]
[mtc1.jankariweb.online/wp-json/oembed/1.0/embed2abe.html]
[mtc1.jankariweb.online/wp-json/oembed/1.0/embed0f56.html]
[mtc1.jankariweb.online/auto-insurance-outlook-for-2024/feed/index.html]
[mtc1.jankariweb.online/wp-json/wp/v2/posts/10.html]
[mtc1.jankariweb.online/index64b4.html]
[mtc1.jankariweb.online/wp-json/oembed/1.0/embedc4aa.html]
[mtc1.jankariweb.online/wp-json/oembed/1.0/embed0f06.html]
[mtc1.jankariweb.online/car-insurance-calculator-estimate-your-costs/feed/index.html]
[mtc1.jankariweb.online/wp-json/wp/v2/posts/210.html]
[mtc1.jankariweb.online/indexe4c6.html]
[mtc1.jankariweb.online/wp-json/oembed/1.0/embedf3c7.html]
[mtc1.jankariweb.online/wp-json/oembed/1.0/embed909b.html]
[financial.mtcremix.com/wp-content/uploads/2024/07/Validate-Your-Idea-1024x619.jpeg]
[financial.mtcremix.com/wp-content/uploads/2024/07/Create-a-Solid-Business-Plan.jpeg]
[financial.mtcremix.com/wp-content/uploads/2024/07/Start-with-a-Minimum-Viable-Product-MVP.jpeg]
[financial.mtcremix.com/wp-content/uploads/2024/07/Build-a-Strong-Brand.jpeg]
[financial.mtcremix.com/wp-content/uploads/2024/07/Leverage-Social-Media.jpeg]
[financial.mtcremix.com/wp-content/uploads/2024/07/Network-Relentlessly.jpeg]
[financial.mtcremix.com/wp-content/uploads/2024/07/Seek-Funding-Wisely.jpeg]
[financial.mtcremix.com/wp-content/uploads/2024/07/1000039756-1024x768.jpg]
[financial.mtcremix.com/wp-content/uploads/2024/07/Monitor-and-Adapt.jpeg]
[financial.mtcremix.com/wp-content/uploads/2024/07/Stay-Persistent-1024x566.jpeg]
[financial.mtcremix.com/wp-content/uploads/2024/01/personal-Loan-1024x577.jpeg]
[financial.mtcremix.com/wp-content/uploads/2023/12/Indiana-Power-1024x522.jpeg]
[financial.mtcremix.com/wp-content/uploads/2023/12/car-insurance-1024x577.jpeg]
